[    0.000000] Booting Linux on physical CPU 0x0
[    0.000000] Linux version 3.10.17-rt12-1.0.0_ga+g4176d57 (jfinley@ip-10-100-24-103) (gcc version 4.8.1 (GCC) ) #3 SMP PREEMPT Mon Sep 26 20:30:11 UTC 2016
[    0.000000] CPU: ARMv7 Processor [412fc09a] revision 10 (ARMv7), cr=10c53c7d
[    0.000000] CPU: PIPT / VIPT nonaliasing data cache, VIPT aliasing instruction cache
[    0.000000] Machine: Freescale i.MX6 Quad/DualLite (Device Tree), model: 3DRobotics i.MX6 Solo HDTC
[    0.000000] cma: CMA: reserved 320 MiB at 1c000000
[    0.000000] Memory policy: ECC disabled, Data cache writealloc
[    0.000000] On node 0 totalpages: 131072
[    0.000000] free_area_init_node: node 0, pgdat 81004bc0, node_mem_map 81069000
[    0.000000]   DMA zone: 1024 pages used for memmap
[    0.000000]   DMA zone: 0 pages reserved
[    0.000000]   DMA zone: 131072 pages, LIFO batch:31
[    0.000000] PERCPU: Embedded 8 pages/cpu @8147b000 s9024 r8192 d15552 u32768
[    0.000000] pcpu-alloc: s9024 r8192 d15552 u32768 alloc=8*4096
[    0.000000] pcpu-alloc: [0] 0 
[    0.000000] Built 1 zonelists in Zone order, mobility grouping on.  Total pages: 130048
[    0.000000] Kernel command line: console=ttymxc3,115200 nosmp root=/dev/mmcblk0p2 rootwait ro video=mxcfb0:dev=hdmi,1280x720M@60 consoleblank=0 factoryreset=0 vt.global_cursor_default=0
[    0.000000] PID hash table entries: 2048 (order: 1, 8192 bytes)
[    0.000000] Dentry cache hash table entries: 65536 (order: 6, 262144 bytes)
[    0.000000] Inode-cache hash table entries: 32768 (order: 5, 131072 bytes)
[    0.000000] Memory: 512MB = 512MB total
[    0.000000] Memory: 174496k/174496k available, 349792k reserved, 0K highmem
[    0.000000] Virtual kernel memory layout:
    vector  : 0xffff0000 - 0xffff1000   (   4 kB)
    fixmap  : 0xfff00000 - 0xfffe0000   ( 896 kB)
    vmalloc : 0xa0800000 - 0xff000000   (1512 MB)
    lowmem  : 0x80000000 - 0xa0000000   ( 512 MB)
    pkmap   : 0x7fe00000 - 0x80000000   (   2 MB)
    modules : 0x7f000000 - 0x7fe00000   (  14 MB)
      .text : 0x80008000 - 0x8065018c   (6433 kB)
      .init : 0x80651000 - 0x80fcc340   (9709 kB)
      .data : 0x80fce000 - 0x81006040   ( 225 kB)
       .bss : 0x81006040 - 0x81068320   ( 393 kB)
[    0.000000] SLUB: HWalign=64, Order=0-3, MinObjects=0, CPUs=1, Nodes=1
[    0.000000] Preemptible hierarchical RCU implementation.
[    0.000000] 	RCU restricting CPUs from NR_CPUS=4 to nr_cpu_ids=1.
[    0.000000] NR_IRQS:16 nr_irqs:16 16
[    0.000000] L310 cache controller enabled
[    0.000000] l2x0: 16 ways, CACHE_ID 0x410000c8, AUX_CTRL 0x32050000, Cache size: 524288 B
[    0.000000] sched_clock: 32 bits at 3000kHz, resolution 333ns, wraps every 1431655ms
[    0.000000] CPU identified as i.MX6DL, silicon rev 1.3
[    0.000000] Console: colour dummy device 80x30
[    0.000699] Calibrating delay loop... 1581.05 BogoMIPS (lpj=7905280)
[    0.090126] pid_max: default: 32768 minimum: 301
[    0.090297] Mount-cache hash table entries: 512
[    0.091036] CPU: Testing write buffer coherency: ok
[    0.091292] CPU0: thread -1, cpu 0, socket 0, mpidr 80000000
[    0.091324] Setting up static identity map for 0x804a7f78 - 0x804a7fd0
[    0.130321] Brought up 1 CPUs
[    0.130332] SMP: Total of 1 processors activated (1581.05 BogoMIPS).
[    0.130336] CPU: All CPU(s) started in SVC mode.
[    0.130872] devtmpfs: initialized
[    0.134885] pinctrl core: initialized pinctrl subsystem
[    0.135161] regulator-dummy: no parameters
[    0.155881] NET: Registered protocol family 16
[    0.165335] DMA: preallocated 256 KiB pool for atomic coherent allocations
[    0.166027] Use WDOG1 as reset source
[    0.174105] syscon 20c8000.anatop: regmap [mem 0x020c8000-0x020c8fff] registered
[    0.174335] vdd1p1: 800 <--> 1375 mV at 1125 mV 
[    0.174638] vdd3p0: 2800 <--> 3150 mV at 3000 mV 
[    0.174917] vdd2p5: 2000 <--> 2750 mV at 2425 mV 
[    0.175196] cpu: 725 <--> 1450 mV at 1150 mV 
[    0.175463] vddpu: 725 <--> 1450 mV 
[    0.175745] vddsoc: 725 <--> 1450 mV at 1200 mV 
[    0.177509] syscon 20e0000.iomuxc-gpr: regmap [mem 0x020e0000-0x020e0037] registered
[    0.179849] syscon 21bc000.ocotp-ctrl: regmap [mem 0x021bc000-0x021bffff] registered
[    0.182616] hw-breakpoint: found 5 (+1 reserved) breakpoint and 1 watchpoint registers.
[    0.182626] hw-breakpoint: maximum watchpoint size is 4 bytes.
[    0.184062] imx6dl-pinctrl 20e0000.iomuxc: initialized IMX pinctrl driver
[    0.188207] bio: create slab <bio-0> at 0
[    0.190105] mxs-dma 110000.dma-apbh: initialized
[    0.190799] usb_otg_vbus: 5000 mV 
[    0.191018] usb_h1_vbus: 5000 mV 
[    0.191226] 3P3V: 3300 mV 
[    0.191423] 1P8V: 1800 mV 
[    0.191691] vgaarb: loaded
[    0.192134] usbcore: registered new interface driver usbfs
[    0.192185] usbcore: registered new interface driver hub
[    0.192291] usbcore: registered new device driver usb
[    0.193498] i2c i2c-0: IMX I2C adapter registered
[    0.194029] i2c i2c-1: IMX I2C adapter registered
[    0.194113] Linux video capture interface: v2.00
[    0.194155] pps_core: LinuxPPS API ver. 1 registered
[    0.194161] pps_core: Software ver. 5.3.6 - Copyright 2005-2007 Rodolfo Giometti <giometti@linux.it>
[    0.194183] PTP clock support registered
[    0.210502] imx-ipuv3 2400000.ipu: IPU DMFC NORMAL mode: 1(0~1), 5B(4,5), 5F(6,7)
[    0.211333] Advanced Linux Sound Architecture Driver Initialized.
[    0.211873] Switching to clocksource mxc_timer1
[    0.346403] PCI host bridge to bus 0000:00
[    0.346420] pci_bus 0000:00: root bus resource [io  0x1000-0x10000]
[    0.346430] pci_bus 0000:00: root bus resource [mem 0x01000000-0x01efffff]
[    0.346443] pci_bus 0000:00: No busn resource found for root bus, will use [bus 00-ff]
[    0.346484] pci 0000:00:00.0: [16c3:abcd] type 01 class 0x060400
[    0.346511] pci 0000:00:00.0: reg 10: [mem 0x00000000-0x000fffff]
[    0.346535] pci 0000:00:00.0: reg 38: [mem 0x00000000-0x0000ffff pref]
[    0.346587] pci 0000:00:00.0: supports D1
[    0.346595] pci 0000:00:00.0: PME# supported from D0 D1 D3hot D3cold
[    0.346809] PCI: bus0: Fast back to back transfers disabled
[    0.347017] pci 0000:01:00.0: [168c:0030] type 00 class 0x028000
[    0.347106] pci 0000:01:00.0: reg 10: [mem 0x00000000-0x0001ffff 64bit]
[    0.347294] pci 0000:01:00.0: reg 30: [mem 0x00000000-0x0000ffff pref]
[    0.347426] pci 0000:01:00.0: supports D1
[    0.347434] pci 0000:01:00.0: PME# supported from D0 D1 D3hot
[    0.347664] PCI: bus1: Fast back to back transfers disabled
[    0.347680] pci_bus 0000:01: busn_res: [bus 01-ff] end is updated to 01
[    0.347696] pci_bus 0000:00: busn_res: [bus 00-ff] end is updated to 01
[    0.347756] pci 0000:00:00.0: BAR 0: assigned [mem 0x01000000-0x010fffff]
[    0.347772] pci 0000:00:00.0: BAR 8: assigned [mem 0x01100000-0x011fffff]
[    0.347783] pci 0000:00:00.0: BAR 9: assigned [mem 0x01200000-0x012fffff pref]
[    0.347794] pci 0000:00:00.0: BAR 6: assigned [mem 0x01300000-0x0130ffff pref]
[    0.347809] pci 0000:01:00.0: BAR 0: assigned [mem 0x01100000-0x0111ffff 64bit]
[    0.347858] pci 0000:01:00.0: BAR 6: assigned [mem 0x01200000-0x0120ffff pref]
[    0.347869] pci 0000:00:00.0: PCI bridge to [bus 01]
[    0.347882] pci 0000:00:00.0:   bridge window [mem 0x01100000-0x011fffff]
[    0.347893] pci 0000:00:00.0:   bridge window [mem 0x01200000-0x012fffff pref]
[    0.347921] pci_bus 0000:00: resource 4 [io  0x1000-0x10000]
[    0.347931] pci_bus 0000:00: resource 5 [mem 0x01000000-0x01efffff]
[    0.347940] pci_bus 0000:01: resource 1 [mem 0x01100000-0x011fffff]
[    0.347949] pci_bus 0000:01: resource 2 [mem 0x01200000-0x012fffff pref]
[    0.356335] NET: Registered protocol family 2
[    0.356932] TCP established hash table entries: 4096 (order: 3, 32768 bytes)
[    0.357005] TCP bind hash table entries: 4096 (order: 3, 32768 bytes)
[    0.357069] TCP: Hash tables configured (established 4096 bind 4096)
[    0.357117] TCP: reno registered
[    0.357130] UDP hash table entries: 256 (order: 1, 8192 bytes)
[    0.357157] UDP-Lite hash table entries: 256 (order: 1, 8192 bytes)
[    0.357416] NET: Registered protocol family 1
[    0.357477] PCI: CLS 64 bytes, default 64
[    0.449090] hw perfevents: enabled with ARMv7 Cortex-A9 PMU driver, 7 counters available
[    0.449903] pureg-dummy: no parameters
[    0.451278] Bus freq driver module loaded
[    0.457047] VFS: Disk quotas dquot_6.5.2
[    0.457313] Dquot-cache hash table entries: 1024 (order 0, 4096 bytes)
[    0.459026] squashfs: version 4.0 (2009/01/31) Phillip Lougher
[    0.459776] aufs 3.10-20141215
[    0.459796] msgmni has been set to 980
[    0.463401] io scheduler noop registered
[    0.463411] io scheduler deadline registered
[    0.463566] io scheduler cfq registered (default)
[    0.463857] imx-weim 21b8000.weim: WEIM driver registered.
[    0.467335] imx-sdma 20ec000.sdma: no iram assigned, using external mem
[    0.470243] imx-sdma 20ec000.sdma: initialized
[    0.470681] imx-sdma 20ec000.sdma: loaded firmware 1.1
[    0.521287] Serial: IMX driver
[    0.522027] 21e8000.serial: ttymxc1 at MMIO 0x21e8000 (irq = 59) is a IMX
[    0.522412] 21ec000.serial: ttymxc2 at MMIO 0x21ec000 (irq = 60) is a IMX
[    0.522778] 21f0000.serial: ttymxc3 at MMIO 0x21f0000 (irq = 61) is a IMX
[    1.062731] console [ttymxc3] enabled
[    1.065486] 21f4000.serial: ttymxc4 at MMIO 0x21f4000 (irq = 62) is a IMX
[    1.071249] serial: Freescale lpuart driver
[    1.074866] [drm] Initialized drm 1.1.0 20060810
[    1.084839] brd: module loaded
[    1.090183] loop: module loaded
[    1.094201] ehci_hcd: USB 2.0 'Enhanced' Host Controller (EHCI) Driver
[    1.099440] ehci-pci: EHCI PCI platform driver
[    1.111062] ci_hdrc ci_hdrc.1: doesn't support gadget
[    1.114861] ci_hdrc ci_hdrc.1: EHCI Host Controller
[    1.118469] ci_hdrc ci_hdrc.1: new USB bus registered, assigned bus number 1
[    1.141957] ci_hdrc ci_hdrc.1: USB 2.0 started, EHCI 1.00
[    1.146675] hub 1-0:1.0: USB hub found
[    1.149155] hub 1-0:1.0: 1 port detected
[    1.153037] snvs_rtc 20cc034.snvs-rtc-lp: rtc core: registered 20cc034.snvs-rtc-lp as rtc0
[    1.160113] i2c /dev entries driver
[    1.163709] imx2-wdt 20bc000.wdog: IMX2+ Watchdog Timer enabled. timeout=60s (nowayout=0)
[    1.170955] cpuidle: using governor ladder
[    1.173816] cpuidle: using governor menu
[    1.176492] sdhci: Secure Digital Host Controller Interface driver
[    1.181374] sdhci: Copyright(c) Pierre Ossman
[    1.184458] sdhci-pltfm: SDHCI platform and OF driver helper
[    1.189961] mmc0: no vqmmc regulator found
[    1.192799] mmc0: no vmmc regulator found
[    1.231955] mmc0: SDHCI controller on 2198000.usdhc [2198000.usdhc] using ADMA
[    1.240441] mxc_vdoa 21e4000.vdoa: i.MX Video Data Order Adapter(VDOA) driver probed
[    1.252092] mxc_asrc 2034000.asrc: mxc_asrc registered
[    1.259713] mxc_vpu 2040000.vpu: VPU initialized
[    1.267518] leds-gpio leds.16: pins are not configured from the driver
[    1.274980] ledtrig-cpu: registered to indicate activity on CPUs
[    1.281936] usbcore: registered new interface driver usbhid
[    1.286255] usbhid: USB HID core driver
[    1.293823] TCP: cubic registered
[    1.296287] NET: Registered protocol family 10
[    1.300162] sit: IPv6 over IPv4 tunneling driver
[    1.307229] NET: Registered protocol family 17
[    1.310441] 8021q: 802.1Q VLAN Support v1.8
[    1.313461] Key type dns_resolver registered
[    1.316535] VFP support v0.3: implementor 41 architecture 3 part 30 variant 9 rev 4
[    1.325418] input: gpio-keys.22 as /devices/soc0/gpio-keys.22/input/input0
[    1.331238] snvs_rtc 20cc034.snvs-rtc-lp: setting system clock to 1970-01-01 00:00:00 UTC (0)
[    1.346464] ALSA device list:
[    1.348146]   No soundcards found.
[    1.360458] Freeing unused kernel memory: 9708K (80651000 - 80fcc000)
[    1.366723] mmc0: new high speed SDHC card at address aaaa
[    1.378783] mmcblk0: mmc0:aaaa SL08G 7.40 GiB 
[    1.383213]  mmcblk0: p1 p2 p3 p4
[    4.391986] kjournald starting.  Commit interval 5 seconds
[    4.397177] EXT3-fs (mmcblk0p4): using internal journal
[    4.401105] EXT3-fs (mmcblk0p4): mounted filesystem with ordered data mode
[    5.303113] kjournald starting.  Commit interval 5 seconds
[    5.309605] EXT3-fs (mmcblk0p3): using internal journal
[    5.313589] EXT3-fs (mmcblk0p3): mounted filesystem with ordered data mode
[    6.147670] udevd[142]: starting version 182
[    6.612043] g_acm_ms gadget: Mass Storage Function, version: 2009/09/11
[    6.617366] g_acm_ms gadget: Number of LUNs=1
[    6.620430]  lun0: LUN: file: /dev/mmcblk0p4
[    6.694748] Loading modules backported from Linux version next-20150903-0-ga672f92
[    6.701025] Backport generated by backports.git backports-20150903-0-g7b34ea2
[    6.768772] g_acm_ms gadget: Composite Gadget (ACM + MS), version: 2011/10/10
[    6.789239] g_acm_ms gadget: g_acm_ms ready
[    7.296309] cfg80211: World regulatory domain updated:
[    7.300153] cfg80211:  DFS Master region: unset
[    7.453382] cfg80211:   (start_freq - end_freq @ bandwidth), (max_antenna_gain, max_eirp), (dfs_cac_time)
[    7.782133] cfg80211:   (2402000 KHz - 2472000 KHz @ 40000 KHz), (N/A, 2000 mBm), (N/A)
[    7.933326] cfg80211:   (2457000 KHz - 2482000 KHz @ 40000 KHz), (N/A, 2000 mBm), (N/A)
[    7.959305] cfg80211:   (2474000 KHz - 2494000 KHz @ 20000 KHz), (N/A, 2000 mBm), (N/A)
[    8.007576] cfg80211:   (5170000 KHz - 5250000 KHz @ 160000 KHz), (N/A, 2000 mBm), (N/A)
[    8.025908] cfg80211:   (5250000 KHz - 5330000 KHz @ 160000 KHz), (N/A, 2000 mBm), (0 s)
[    8.054015] cfg80211:   (5490000 KHz - 5730000 KHz @ 160000 KHz), (N/A, 2000 mBm), (0 s)
[    8.070337] cfg80211:   (5735000 KHz - 5835000 KHz @ 80000 KHz), (N/A, 2000 mBm), (N/A)
[    8.087151] cfg80211:   (57240000 KHz - 63720000 KHz @ 2160000 KHz), (N/A, 0 mBm), (N/A)
[    8.296795] PCI: enabling device 0000:01:00.0 (0140 -> 0142)
[    8.512063] EXT4-fs (mmcblk0p4): mounted filesystem with ordered data mode. Opts: (null)
[    8.717027] ath: EEPROM regdomain: 0x0
[    8.717034] ath: EEPROM indicates default country code should be used
[    8.717038] ath: doing EEPROM country->regdmn map search
[    8.717045] ath: country maps to regdmn code: 0x3a
[    8.717049] ath: Country alpha2 being used: US
[    8.717053] ath: Regpair used: 0x3a
[    8.755318] ieee80211 phy0: Selected rate control algorithm 'minstrel_ht'
[    8.757465] cfg80211: Regulatory domain changed to country: US
[    8.767218] ieee80211 phy0: Atheros AR9300 Rev:3 mem=0xa0c00000, irq=155
[    8.775132] cfg80211:  DFS Master region: FCC
[    8.778022] cfg80211:   (start_freq - end_freq @ bandwidth), (max_antenna_gain, max_eirp), (dfs_cac_time)
[    8.839055] cfg80211:   (2402000 KHz - 2472000 KHz @ 40000 KHz), (N/A, 3000 mBm), (N/A)
[    8.862045] cfg80211:   (5170000 KHz - 5250000 KHz @ 80000 KHz), (N/A, 1700 mBm), (N/A)
[    8.868758] cfg80211:   (5250000 KHz - 5330000 KHz @ 80000 KHz), (N/A, 2300 mBm), (0 s)
[    8.910701] cfg80211:   (5735000 KHz - 5835000 KHz @ 80000 KHz), (N/A, 3000 mBm), (N/A)
[    9.027217] cfg80211:   (57240000 KHz - 63720000 KHz @ 2160000 KHz), (N/A, 4000 mBm), (N/A)
