[    0.000000] Booting Linux on physical CPU 0x0
[    0.000000] Linux version 3.10.17-rt12-1.0.0_ga+g4176d57 (jfinley@ip-10-100-24-103) (gcc version 4.8.1 (GCC) ) #3 SMP PREEMPT Mon Sep 26 20:27:39 UTC 2016
[    0.000000] CPU: ARMv7 Processor [412fc09a] revision 10 (ARMv7), cr=10c53c7d
[    0.000000] CPU: PIPT / VIPT nonaliasing data cache, VIPT aliasing instruction cache
[    0.000000] Machine: Freescale i.MX6 Quad/DualLite (Device Tree), model: 3DRobotics i.MX6 Solo HDTC
[    0.000000] cma: CMA: reserved 320 MiB at 1c000000
[    0.000000] Memory policy: ECC disabled, Data cache writealloc
[    0.000000] On node 0 totalpages: 131072
[    0.000000] free_area_init_node: node 0, pgdat 81004b80, node_mem_map 81069000
[    0.000000]   DMA zone: 1024 pages used for memmap
[    0.000000]   DMA zone: 0 pages reserved
[    0.000000]   DMA zone: 131072 pages, LIFO batch:31
[    0.000000] PERCPU: Embedded 8 pages/cpu @8147c000 s9024 r8192 d15552 u32768
[    0.000000] pcpu-alloc: s9024 r8192 d15552 u32768 alloc=8*4096
[    0.000000] pcpu-alloc: [0] 0 
[    0.000000] Built 1 zonelists in Zone order, mobility grouping on.  Total pages: 130048
[    0.000000] Kernel command line: console=ttymxc0,115200 nosmp root=/dev/mmcblk0p2 rootwait ro video=mxcfb0:dev=hdmi,1280x720M@60 consoleblank=0 factoryreset=0 vt.global_cursor_default=0
[    0.000000] PID hash table entries: 2048 (order: 1, 8192 bytes)
[    0.000000] Dentry cache hash table entries: 65536 (order: 6, 262144 bytes)
[    0.000000] Inode-cache hash table entries: 32768 (order: 5, 131072 bytes)
[    0.000000] Memory: 512MB = 512MB total
[    0.000000] Memory: 174488k/174488k available, 349800k reserved, 0K highmem
[    0.000000] Virtual kernel memory layout:
    vector  : 0xffff0000 - 0xffff1000   (   4 kB)
    fixmap  : 0xfff00000 - 0xfffe0000   ( 896 kB)
    vmalloc : 0xa0800000 - 0xff000000   (1512 MB)
    lowmem  : 0x80000000 - 0xa0000000   ( 512 MB)
    pkmap   : 0x7fe00000 - 0x80000000   (   2 MB)
    modules : 0x7f000000 - 0x7fe00000   (  14 MB)
      .text : 0x80008000 - 0x8065018c   (6433 kB)
      .init : 0x80651000 - 0x80fcc340   (9709 kB)
      .data : 0x80fce000 - 0x81006000   ( 224 kB)
       .bss : 0x81006000 - 0x810682e0   ( 393 kB)
[    0.000000] SLUB: HWalign=64, Order=0-3, MinObjects=0, CPUs=1, Nodes=1
[    0.000000] Preemptible hierarchical RCU implementation.
[    0.000000] 	RCU restricting CPUs from NR_CPUS=4 to nr_cpu_ids=1.
[    0.000000] NR_IRQS:16 nr_irqs:16 16
[    0.000000] L310 cache controller enabled
[    0.000000] l2x0: 16 ways, CACHE_ID 0x410000c8, AUX_CTRL 0x32050000, Cache size: 524288 B
[    0.000000] sched_clock: 32 bits at 3000kHz, resolution 333ns, wraps every 1431655ms
[    0.000000] CPU identified as i.MX6DL, silicon rev 1.3
[    0.000000] Console: colour dummy device 80x30
[    0.000773] Calibrating delay loop... 1581.05 BogoMIPS (lpj=7905280)
[    0.090131] pid_max: default: 32768 minimum: 301
[    0.090306] Mount-cache hash table entries: 512
[    0.091048] CPU: Testing write buffer coherency: ok
[    0.091302] CPU0: thread -1, cpu 0, socket 0, mpidr 80000000
[    0.091336] Setting up static identity map for 0x804a7bd8 - 0x804a7c30
[    0.130327] Brought up 1 CPUs
[    0.130339] SMP: Total of 1 processors activated (1581.05 BogoMIPS).
[    0.130345] CPU: All CPU(s) started in SVC mode.
[    0.130881] devtmpfs: initialized
[    0.134800] pinctrl core: initialized pinctrl subsystem
[    0.135083] regulator-dummy: no parameters
[    0.154255] NET: Registered protocol family 16
[    0.163599] DMA: preallocated 256 KiB pool for atomic coherent allocations
[    0.164291] Use WDOG1 as reset source
[    0.172539] syscon 20c8000.anatop: regmap [mem 0x020c8000-0x020c8fff] registered
[    0.172785] vdd1p1: 800 <--> 1375 mV at 1125 mV 
[    0.173094] vdd3p0: 2800 <--> 3150 mV at 3000 mV 
[    0.173361] vdd2p5: 2000 <--> 2750 mV at 2425 mV 
[    0.173631] cpu: 725 <--> 1450 mV at 1150 mV 
[    0.173923] vddpu: 725 <--> 1450 mV 
[    0.174217] vddsoc: 725 <--> 1450 mV at 1200 mV 
[    0.175938] syscon 20e0000.iomuxc-gpr: regmap [mem 0x020e0000-0x020e0037] registered
[    0.178593] syscon 21bc000.ocotp-ctrl: regmap [mem 0x021bc000-0x021bffff] registered
[    0.182598] hw-breakpoint: found 5 (+1 reserved) breakpoint and 1 watchpoint registers.
[    0.182608] hw-breakpoint: maximum watchpoint size is 4 bytes.
[    0.184084] imx6dl-pinctrl 20e0000.iomuxc: initialized IMX pinctrl driver
[    0.188436] bio: create slab <bio-0> at 0
[    0.190321] mxs-dma 110000.dma-apbh: initialized
[    0.191084] usb_otg_vbus: 5000 mV 
[    0.191278] usb_h1_vbus: 5000 mV 
[    0.191468] mipi_dsi_pwr_on: no parameters
[    0.191658] 3P3V: 3300 mV 
[    0.191832] 1P8V: 1800 mV 
[    0.192034] sensor-supply: 3300 mV 
[    0.192308] vgaarb: loaded
[    0.192854] usbcore: registered new interface driver usbfs
[    0.192914] usbcore: registered new interface driver hub
[    0.193023] usbcore: registered new device driver usb
[    0.193847] i2c i2c-0: IMX I2C adapter registered
[    0.194500] i2c i2c-1: IMX I2C adapter registered
[    0.194756] i2c i2c-2: IMX I2C adapter registered
[    0.194869] Linux video capture interface: v2.00
[    0.194912] pps_core: LinuxPPS API ver. 1 registered
[    0.194919] pps_core: Software ver. 5.3.6 - Copyright 2005-2007 Rodolfo Giometti <giometti@linux.it>
[    0.194940] PTP clock support registered
[    0.210525] imx-ipuv3 2400000.ipu: IPU DMFC NORMAL mode: 1(0~1), 5B(4,5), 5F(6,7)
[    0.211368] Advanced Linux Sound Architecture Driver Initialized.
[    0.211914] Switching to clocksource mxc_timer1
[    0.346447] PCI host bridge to bus 0000:00
[    0.346465] pci_bus 0000:00: root bus resource [io  0x1000-0x10000]
[    0.346474] pci_bus 0000:00: root bus resource [mem 0x01000000-0x01efffff]
[    0.346487] pci_bus 0000:00: No busn resource found for root bus, will use [bus 00-ff]
[    0.346529] pci 0000:00:00.0: [16c3:abcd] type 01 class 0x060400
[    0.346556] pci 0000:00:00.0: reg 10: [mem 0x00000000-0x000fffff]
[    0.346579] pci 0000:00:00.0: reg 38: [mem 0x00000000-0x0000ffff pref]
[    0.346643] pci 0000:00:00.0: supports D1
[    0.346652] pci 0000:00:00.0: PME# supported from D0 D1 D3hot D3cold
[    0.346858] PCI: bus0: Fast back to back transfers disabled
[    0.347090] pci 0000:01:00.0: [168c:0030] type 00 class 0x028000
[    0.347181] pci 0000:01:00.0: reg 10: [mem 0x00000000-0x0001ffff 64bit]
[    0.347370] pci 0000:01:00.0: reg 30: [mem 0x00000000-0x0000ffff pref]
[    0.347503] pci 0000:01:00.0: supports D1
[    0.347513] pci 0000:01:00.0: PME# supported from D0 D1 D3hot
[    0.347739] PCI: bus1: Fast back to back transfers disabled
[    0.347756] pci_bus 0000:01: busn_res: [bus 01-ff] end is updated to 01
[    0.347772] pci_bus 0000:00: busn_res: [bus 00-ff] end is updated to 01
[    0.347834] pci 0000:00:00.0: BAR 0: assigned [mem 0x01000000-0x010fffff]
[    0.347850] pci 0000:00:00.0: BAR 8: assigned [mem 0x01100000-0x011fffff]
[    0.347862] pci 0000:00:00.0: BAR 9: assigned [mem 0x01200000-0x012fffff pref]
[    0.347872] pci 0000:00:00.0: BAR 6: assigned [mem 0x01300000-0x0130ffff pref]
[    0.347886] pci 0000:01:00.0: BAR 0: assigned [mem 0x01100000-0x0111ffff 64bit]
[    0.347932] pci 0000:01:00.0: BAR 6: assigned [mem 0x01200000-0x0120ffff pref]
[    0.347945] pci 0000:00:00.0: PCI bridge to [bus 01]
[    0.347957] pci 0000:00:00.0:   bridge window [mem 0x01100000-0x011fffff]
[    0.347967] pci 0000:00:00.0:   bridge window [mem 0x01200000-0x012fffff pref]
[    0.347993] pci_bus 0000:00: resource 4 [io  0x1000-0x10000]
[    0.348002] pci_bus 0000:00: resource 5 [mem 0x01000000-0x01efffff]
[    0.348012] pci_bus 0000:01: resource 1 [mem 0x01100000-0x011fffff]
[    0.348020] pci_bus 0000:01: resource 2 [mem 0x01200000-0x012fffff pref]
[    0.356419] NET: Registered protocol family 2
[    0.357013] TCP established hash table entries: 4096 (order: 3, 32768 bytes)
[    0.357085] TCP bind hash table entries: 4096 (order: 3, 32768 bytes)
[    0.357150] TCP: Hash tables configured (established 4096 bind 4096)
[    0.357200] TCP: reno registered
[    0.357214] UDP hash table entries: 256 (order: 1, 8192 bytes)
[    0.357239] UDP-Lite hash table entries: 256 (order: 1, 8192 bytes)
[    0.357494] NET: Registered protocol family 1
[    0.357547] PCI: CLS 64 bytes, default 64
[    0.449035] hw perfevents: enabled with ARMv7 Cortex-A9 PMU driver, 7 counters available
[    0.449995] pureg-dummy: no parameters
[    0.451462] Bus freq driver module loaded
[    0.457291] VFS: Disk quotas dquot_6.5.2
[    0.457542] Dquot-cache hash table entries: 1024 (order 0, 4096 bytes)
[    0.459182] squashfs: version 4.0 (2009/01/31) Phillip Lougher
[    0.459916] aufs 3.10-20141215
[    0.459937] msgmni has been set to 980
[    0.463504] io scheduler noop registered
[    0.463512] io scheduler deadline registered
[    0.463674] io scheduler cfq registered (default)
[    0.463970] imx-weim 21b8000.weim: WEIM driver registered.
[    0.466278] mxc_sdc_fb fb.27: register mxc display driver hdmi
[    0.466325] mxc_hdmi 20e0000.hdmi_video: Detected HDMI controller 0x13:0x1a:0xa0:0xc1
[    0.466348] fbcvt: 1280x720@60: CVT Name - .921M9
[    0.482178] imx-ipuv3 2400000.ipu: IPU DMFC DP HIGH RESOLUTION: 1(0,1), 5B(2~5), 5F(6,7)
[    0.540844] Console: switching to colour frame buffer device 160x45
[    0.576743] mxc_sdc_fb fb.28: register mxc display driver hdmi
[    0.576759] mxc_hdmi 20e0000.hdmi_video: Error only one HDMI output support now!
[    0.576768] mxc_sdc_fb fb.28: NO mxc display driver found!
[    0.578947] imx-sdma 20ec000.sdma: no iram assigned, using external mem
[    0.581863] imx-sdma 20ec000.sdma: initialized
[    0.582445] imx-sdma 20ec000.sdma: loaded firmware 1.1
[    0.631119] Serial: IMX driver
[    0.631417] 2020000.serial: ttymxc0 at MMIO 0x2020000 (irq = 58) is a IMX
[    1.209882] console [ttymxc0] enabled
[    1.212957] 21e8000.serial: ttymxc1 at MMIO 0x21e8000 (irq = 59) is a IMX
[    1.218822] 21ec000.serial: ttymxc2 at MMIO 0x21ec000 (irq = 60) is a IMX
[    1.224721] 21f0000.serial: ttymxc3 at MMIO 0x21f0000 (irq = 61) is a IMX
[    1.230518] serial: Freescale lpuart driver
[    1.234149] [drm] Initialized drm 1.1.0 20060810
[    1.244029] brd: module loaded
[    1.249341] loop: module loaded
[    1.253554] ehci_hcd: USB 2.0 'Enhanced' Host Controller (EHCI) Driver
[    1.258791] ehci-pci: EHCI PCI platform driver
[    1.270462] ci_hdrc ci_hdrc.1: doesn't support gadget
[    1.274264] ci_hdrc ci_hdrc.1: EHCI Host Controller
[    1.277870] ci_hdrc ci_hdrc.1: new USB bus registered, assigned bus number 1
[    1.302002] ci_hdrc ci_hdrc.1: USB 2.0 started, EHCI 1.00
[    1.306694] hub 1-0:1.0: USB hub found
[    1.309167] hub 1-0:1.0: 1 port detected
[    1.313131] snvs_rtc 20cc034.snvs-rtc-lp: rtc core: registered 20cc034.snvs-rtc-lp as rtc0
[    1.320232] i2c /dev entries driver
[    1.323249] mxc_v4l2_output v4l2_out.32: V4L2 device registered as video16
[    1.328969] mxc_v4l2_output v4l2_out.32: V4L2 device registered as video17
[    1.335551] imx2-wdt 20bc000.wdog: IMX2+ Watchdog Timer enabled. timeout=60s (nowayout=0)
[    1.342858] cpuidle: using governor ladder
[    1.345665] cpuidle: using governor menu
[    1.348332] sdhci: Secure Digital Host Controller Interface driver
[    1.353242] sdhci: Copyright(c) Pierre Ossman
[    1.356303] sdhci-pltfm: SDHCI platform and OF driver helper
[    1.361787] mmc0: no vqmmc regulator found
[    1.364629] mmc0: no vmmc regulator found
[    1.411995] mmc0: SDHCI controller on 2194000.usdhc [2194000.usdhc] using ADMA
[    1.420776] mmc1: no vqmmc regulator found
[    1.423612] mmc1: no vmmc regulator found
[    1.471992] mmc1: SDHCI controller on 2198000.usdhc [2198000.usdhc] using ADMA
[    1.480574] mxc_vdoa 21e4000.vdoa: i.MX Video Data Order Adapter(VDOA) driver probed
[    1.491657] mxc_asrc 2034000.asrc: mxc_asrc registered
[    1.499341] mxc_vpu 2040000.vpu: VPU initialized
[    1.507165] leds-gpio leds.18: pins are not configured from the driver
[    1.514652] ledtrig-cpu: registered to indicate activity on CPUs
[    1.521585] usbcore: registered new interface driver usbhid
[    1.525930] usbhid: USB HID core driver
[    1.539179] imx-audio-hdmi sound-hdmi.26:  hdmi-hifi <-> hdmi_audio.16 mapping ok
[    1.546472] TCP: cubic registered
[    1.548901] NET: Registered protocol family 10
[    1.552825] sit: IPv6 over IPv4 tunneling driver
[    1.556704] NET: Registered protocol family 17
[    1.559870] 8021q: 802.1Q VLAN Support v1.8
[    1.562876] Key type dns_resolver registered
[    1.565991] VFP support v0.3: implementor 41 architecture 3 part 30 variant 9 rev 4
[    1.574872] snvs_rtc 20cc034.snvs-rtc-lp: setting system clock to 1970-01-01 00:00:00 UTC (0)
[    1.589554] ALSA device list:
[    1.591241]   #0: imx-hdmi-soc
[    1.603046] mmc1: new high speed SDHC card at address aaaa
[    1.608928] Freeing unused kernel memory: 9708K (80651000 - 80fcc000)
[    1.614152] mmcblk0: mmc1:aaaa SL08G 7.40 GiB 
[    1.618553]  mmcblk0: p1 p2 p3 p4
[    1.843221] kjournald starting.  Commit interval 5 seconds
[    1.849112] EXT3-fs (mmcblk0p4): using internal journal
[    1.853084] EXT3-fs (mmcblk0p4): mounted filesystem with ordered data mode
[    2.385355] kjournald starting.  Commit interval 5 seconds
[    2.391653] EXT3-fs (mmcblk0p3): using internal journal
[    2.395649] EXT3-fs (mmcblk0p3): mounted filesystem with ordered data mode
[    3.240128] udevd[141]: starting version 182
[    3.727139] g_acm_ms gadget: Mass Storage Function, version: 2009/09/11
[    3.772049] g_acm_ms gadget: Number of LUNs=1
[    3.775122]  lun0: LUN: file: /dev/mmcblk0p4
[    3.875401] g_acm_ms gadget: Composite Gadget (ACM + MS), version: 2011/10/10
[    3.881244] g_acm_ms gadget: g_acm_ms ready
[    3.898889] Loading modules backported from Linux version next-20150903-0-ga672f92
[    3.953303] Backport generated by backports.git backports-20150903-0-g7b34ea2
[    4.640394] cfg80211: World regulatory domain updated:
[    4.685347] cfg80211:  DFS Master region: unset
[    4.688411] cfg80211:   (start_freq - end_freq @ bandwidth), (max_antenna_gain, max_eirp), (dfs_cac_time)
[    5.022706] cfg80211:   (2402000 KHz - 2472000 KHz @ 40000 KHz), (N/A, 2000 mBm), (N/A)
[    5.029418] cfg80211:   (2457000 KHz - 2482000 KHz @ 40000 KHz), (N/A, 2000 mBm), (N/A)
[    5.066744] cfg80211:   (2474000 KHz - 2494000 KHz @ 20000 KHz), (N/A, 2000 mBm), (N/A)
[    5.109125] cfg80211:   (5170000 KHz - 5250000 KHz @ 160000 KHz), (N/A, 2000 mBm), (N/A)
[    5.123316] cfg80211:   (5250000 KHz - 5330000 KHz @ 160000 KHz), (N/A, 2000 mBm), (0 s)
[    5.130116] cfg80211:   (5490000 KHz - 5730000 KHz @ 160000 KHz), (N/A, 2000 mBm), (0 s)
[    5.162126] cfg80211:   (5735000 KHz - 5835000 KHz @ 80000 KHz), (N/A, 2000 mBm), (N/A)
[    5.175186] cfg80211:   (57240000 KHz - 63720000 KHz @ 2160000 KHz), (N/A, 0 mBm), (N/A)
[    5.474584] PCI: enabling device 0000:01:00.0 (0140 -> 0142)
[    5.736029] EXT4-fs (mmcblk0p4): mounted filesystem with ordered data mode. Opts: (null)
[    5.825036] ath: EEPROM regdomain: 0x0
[    5.825043] ath: EEPROM indicates default country code should be used
[    5.825047] ath: doing EEPROM country->regdmn map search
[    5.825054] ath: country maps to regdmn code: 0x3a
[    5.825058] ath: Country alpha2 being used: US
[    5.825062] ath: Regpair used: 0x3a
[    5.847133] ieee80211 phy0: Selected rate control algorithm 'minstrel_ht'
[    5.849002] cfg80211: Regulatory domain changed to country: US
[    5.858430] ieee80211 phy0: Atheros AR9300 Rev:3 mem=0xa0c40000, irq=155
[    5.873425] cfg80211:  DFS Master region: FCC
[    5.876315] cfg80211:   (start_freq - end_freq @ bandwidth), (max_antenna_gain, max_eirp), (dfs_cac_time)
[    5.923890] cfg80211:   (2402000 KHz - 2472000 KHz @ 40000 KHz), (N/A, 3000 mBm), (N/A)
[    5.930603] cfg80211:   (5170000 KHz - 5250000 KHz @ 80000 KHz), (N/A, 1700 mBm), (N/A)
[    5.974809] cfg80211:   (5250000 KHz - 5330000 KHz @ 80000 KHz), (N/A, 2300 mBm), (0 s)
[    5.981522] cfg80211:   (5735000 KHz - 5835000 KHz @ 80000 KHz), (N/A, 3000 mBm), (N/A)
[    6.018747] cfg80211:   (57240000 KHz - 63720000 KHz @ 2160000 KHz), (N/A, 4000 mBm), (N/A)
